<testsuites id="" name="" tests="1" failures="0" skipped="0" errors="0" time="17.217018">
<testsuite name="flipkartlist.spec.js" timestamp="2024-04-28T12:46:30.958Z" hostname="chromium" tests="1" failures="0" skipped="0" time="14.13" errors="0">
<testcase name="find the list item" classname="flipkartlist.spec.js" time="14.13">
<system-out>
<![CDATA[14
Audio
Electronics GST Store
Cameras & Accessories
Computer Peripherals
Gaming
Health & Personal Care
Laptop Accessories
Laptop and Desktop
MobileAccessory
Powerbank
Smart Home automation
Smart Wearables
Storage
Tablets

[[ATTACHMENT|test-results\flipkartlist-find-the-list-item-chromium\test-finished-1.png]]
]]>
</system-out>
</testcase>
</testsuite>
</testsuites>